U-Boot 2020.07-rc4-gde57148e25f89991 (Jun 18 2020 - 23:50:58 +0200)                                         
                                                                                                            
CPU: Renesas Electronics R8A7795 rev 2.0                                                                    
Model: Renesas Salvator-X board based on r8a77950                                                           
DRAM:  3.9 GiB                                                                                              
Flash: 64 MiB                                                                                               
MMC:   sd@ee100000: 0, sd@ee140000: 1, sd@ee160000: 2                                                       
Loading Environment from MMC... OK                                                                          
In:    serial@e6e88000                                                                                      
Out:   serial@e6e88000                                                                                      
Err:   serial@e6e88000                                                                                      
Net:   eth0: ethernet@e6800000                                                                              
Auto-update from TFTP: failed, env. variable 'updatefile' not found                                         
Hit any key to stop autoboot:  0                                                                            
=> setenv bootargs "ignore_loglevel rw ip=off"; dhcp 0x58000000 gen3/gen3.itb; bootm 0x58000000#conf-r8a7795
1                                                                                                           
1-salvator-xs.dtb
ethernet@e6800000 Waiting for PHY auto negotiation to complete........ done
BOOTP broadcast 1
BOOTP broadcast 2
DHCP client bound to address 10.0.1.8 (255 ms)
Using ethernet@e6800000 device
TFTP from server 10.0.1.1; our IP address is 10.0.1.8
Filename 'gen3/gen3.itb'.
Load address: 0x58000000
Loading: *#################################################################
[8C #################################################################
[8C #################################################################
[8C #################################################################
[8C #################################################################
[8C #################################################################
[8C #################################################################
[8C #################################################################
[8C #################################################################
[8C #################################################################
[8C #################################################################
[8C #################################################################
[8C #################################################################
[8C #################################################################
[8C #################################################################
[8C #######################################
[8C 14.6 MiB/s
done
Bytes transferred = 14879636 (e30b94 hex)
## Loading kernel from FIT Image at 58000000 ...
   Using 'conf-r8a77951-salvator-xs.dtb' configuration
   Trying 'kernel' kernel subimage
     Description:  Linux kernel
     Type:         Kernel Image
     Compression:  gzip compressed
     Data Start:   0x580000c8
     Data Size:    14689370 Bytes = 14 MiB
     Architecture: AArch64
     OS:           Linux
     Load Address: 0x50000000
     Entry Point:  0x50000000
     Hash algo:    crc32
     Hash value:   54419f98
     Hash algo:    sha1
     Hash value:   6a458f90a65a0288e0d500f7b2b5d80904c60e39
   Verifying Hash Integrity ... crc32+ sha1+ OK
## Loading fdt from FIT Image at 58000000 ...
   Using 'conf-r8a77951-salvator-xs.dtb' configuration
   Trying 'fdt-r8a77951-salvator-xs.dtb' fdt subimage
     Description:  Flattened Device Tree r8a77951-salvator-xs.dtb
     Type:         Flat Device Tree
     Compression:  gzip compressed
     Data Start:   0x58e07164
     Data Size:    19000 Bytes = 18.6 KiB
     Architecture: AArch64
     Load Address: 0x48000000
     Hash algo:    crc32
     Hash value:   53282ba4
     Hash algo:    sha1
     Hash value:   dd8861c973e1bb70c762de1afd0a0d0c6c62db9f
   Verifying Hash Integrity ... crc32+ sha1+ OK
   Loading fdt from 0x58e07164 to 0x48000000
   Uncompressing Flat Device Tree
   Booting using the fdt blob at 0x48000000
   Uncompressing Kernel Image
   Loading Device Tree to 000000007beba000, end 000000007bed51a6 ... OK

Starting kernel ...

[    0.000000] Booting Linux on physical CPU 0x0000000000 [0x411fd073]
[    0.000000] Linux version 6.10.0-rc5-arm64-renesas (neg@sleipner) (aarch64-linux-gnu-gcc (GCC) 14.1.0, GN[HLoad address: 0x58000000                                                                                    
Loading: #################################################################                                  
         #################################################################                                  
         #################################################################                                  
         #################################################################                                  
         #################################################################                                  
         #################################################################                                  
         #################################################################                                  
         #################################################################                                  
         #################################################################                                  
         #################################################################                                  
         #################################################################                                  
         #################################################################                                  
         #################################################################                                  
         #################################################################                                  
         #################################################################                                  
         #######################################                                                            
         14.6 MiB/s                                                                                         
done                                                                                                        
Bytes transferred = 14879636 (e30b94 hex)                                                                   
## Loading kernel from FIT Image at 58000000 ...                                                            
   Using 'conf-r8a77951-salvator-xs.dtb' configuration                                                      
   Trying 'kernel' kernel subimage                                                                          
     Description:  Linux kernel                                                                             
     Type:         Kernel Image                                                                             
     Compression:  gzip compressed                                                                          
     Data Start:   0x580000c8                                                                               
     Data Size:    14689370 Bytes = 14 MiB                                                                  
     Architecture: AArch64                                                                                  
     OS:           Linux                                                                                    
     Load Address: 0x50000000                                                                               
     Entry Point:  0x50000000                                                                               
     Hash algo:    crc32                                                                                    
     Hash value:   54419f98                                                                                 
     Hash algo:    sha1                                                                                     
     Hash value:   6a458f90a65a0288e0d500f7b2b5d80904c60e39                                                 
   Verifying Hash Integrity ... crc32+ sha1+ OK                                                             
## Loading fdt from FIT Image at 58000000 ...                                                               
   Using 'conf-r8a77951-salvator-xs.dtb' configuration                                                      
   Trying 'fdt-r8a77951-salvator-xs.dtb' fdt subimage                                                       
     Description:  Flattened Device Tree r8a77951-salvator-xs.dtb                                           
     Type:         Flat Device Tree                                                                         
     Compression:  gzip compressed                                                                          
     Data Start:   0x58e07164                                                                               
     Data Size:    19000 Bytes = 18.6 KiB                                                                   
     Architecture: AArch64                                                                                  
     Load Address: 0x48000000                                                                               
     Hash algo:    crc32                                                                                    
     Hash value:   53282ba4                                                                                 
     Hash algo:    sha1                                                                                     
     Hash value:   dd8861c973e1bb70c762de1afd0a0d0c6c62db9f                                                 
   Verifying Hash Integrity ... crc32+ sha1+ OK                                                             
   Loading fdt from 0x58e07164 to 0x48000000                                                                
   Uncompressing Flat Device Tree                                                                           
   Booting using the fdt blob at 0x48000000                                                                 
   Uncompressing Kernel Image                                                                               
   Loading Device Tree to 000000007beba000, end 000000007bed51a6 ... OK                                     
                                                                                                            
Starting kernel ...                                                                                         
                                                                                                            
[    0.000000] Booting Linux on physical CPU 0x0000000000 [0x411fd073]                                      
[    0.000000] Linux version 6.10.0-rc5-arm64-renesas (neg@sleipner) (aarch64-linux-gnu-gcc (GCC) 14.1.0, GN
U                                                                                                           
U ld (GNU Binutils) 2.42) #31 SMP PREEMPT Thu Jun 27 12:12:13 CEST 2024
[    0.000000] Machine model: Renesas Salvator-X 2nd version board based on r8a77951
[    0.000000] printk: debug: ignoring loglevel setting.
[    0.000000] efi: UEFI not found.
[    0.000000] Zone ranges:
[    0.000000]   DMA      [mem 0x0000000048000000-0x00000000ffffffff]
[    0.000000]   DMA32    empty
[    0.000000]   Normal   [mem 0x0000000100000000-0x000000073fffffff]
[    0.000000] Movable zone start for each node
[    0.000000] Early memory node ranges
[    0.000000]   node   0: [mem 0x0000000048000000-0x000000007fffffff]
[    0.000000]   node   0: [mem 0x0000000500000000-0x000000053fffffff]
[    0.000000]   node   0: [mem 0x0000000600000000-0x000000063fffffff]
[    0.000000]   node   0: [mem 0x0000000700000000-0x000000073fffffff]
[    0.000000] Initmem setup node 0 [mem 0x0000000048000000-0x000000073fffffff]
[    0.000000] cma: Reserved 128 MiB at 0x0000000073e00000 on node -1
[    0.000000] psci: probing for conduit method from DT.
[    0.000000] psci: PSCIv1.1 detected in firmware.
[    0.000000] psci: Using standard PSCI v0.2 function IDs
[    0.000000] psci: Trusted OS migration not required
[    0.000000] psci: SMC Calling Convention v1.2
[    0.000000] percpu: Embedded 30 pages/cpu s93856 r0 d29024 u122880
[    0.000000] pcpu-alloc: s93856 r0 d29024 u122880 alloc=30*4096
[    0.000000] pcpu-alloc: [0] 0 [0] 1 [0] 2 [0] 3 [0] 4 [0] 5 [0] 6 [0] 7 
[    0.000000] Detected PIPT I-cache on CPU0
[    0.000000] CPU features: detected: Spectre-v2
[    0.000000] CPU features: detected: Spectre-BHB
[    0.000000] CPU features: detected: ARM erratum 1742098
[    0.000000] CPU features: detected: ARM errata 1165522, 1319367, or 1530923
[    0.000000] alternatives: applying boot alternatives
[    0.000000] Kernel command line: ignore_loglevel rw ip=off
[    0.000000] Dentry cache hash table entries: 524288 (order: 10, 4194304 bytes, linear)
[    0.000000] Inode-cache hash table entries: 262144 (order: 9, 2097152 bytes, linear)
[    0.000000] Built 1 zonelists, mobility grouping on.  Total pages: 1015808
[    0.000000] mem auto-init: stack:off, heap alloc:off, heap free:off
[    0.000000] software IO TLB: area num 8.
[    0.000000] software IO TLB: mapped [mem 0x000000007c000000-0x0000000080000000] (64MB)
[    0.000000] Memory: 3744560K/4063232K available (14656K kernel code, 2480K rwdata, 5040K rodata, 8384K in[H   Using 'conf-r8a77951-salvator-xs.dtb' configuration                                                      
   Trying 'fdt-r8a77951-salvator-xs.dtb' fdt subimage                                                       
     Description:  Flattened Device Tree r8a77951-salvator-xs.dtb                                           
     Type:         Flat Device Tree                                                                         
     Compression:  gzip compressed                                                                          
     Data Start:   0x58e07164                                                                               
     Data Size:    19000 Bytes = 18.6 KiB                                                                   
     Architecture: AArch64                                                                                  
     Load Address: 0x48000000                                                                               
     Hash algo:    crc32                                                                                    
     Hash value:   53282ba4                                                                                 
     Hash algo:    sha1                                                                                     
     Hash value:   dd8861c973e1bb70c762de1afd0a0d0c6c62db9f                                                 
   Verifying Hash Integrity ... crc32+ sha1+ OK                                                             
   Loading fdt from 0x58e07164 to 0x48000000                                                                
   Uncompressing Flat Device Tree                                                                           
   Booting using the fdt blob at 0x48000000                                                                 
   Uncompressing Kernel Image                                                                               
   Loading Device Tree to 000000007beba000, end 000000007bed51a6 ... OK                                     
                                                                                                            
Starting kernel ...                                                                                         
                                                                                                            
[    0.000000] Booting Linux on physical CPU 0x0000000000 [0x411fd073]                                      
[    0.000000] Linux version 6.10.0-rc5-arm64-renesas (neg@sleipner) (aarch64-linux-gnu-gcc (GCC) 14.1.0, GN
U ld (GNU Binutils) 2.42) #31 SMP PREEMPT Thu Jun 27 12:12:13 CEST 2024                                     
[    0.000000] Machine model: Renesas Salvator-X 2nd version board based on r8a77951                        
[    0.000000] printk: debug: ignoring loglevel setting.                                                    
[    0.000000] efi: UEFI not found.                                                                         
[    0.000000] Zone ranges:                                                                                 
[    0.000000]   DMA      [mem 0x0000000048000000-0x00000000ffffffff]                                       
[    0.000000]   DMA32    empty                                                                             
[    0.000000]   Normal   [mem 0x0000000100000000-0x000000073fffffff]                                       
[    0.000000] Movable zone start for each node                                                             
[    0.000000] Early memory node ranges                                                                     
[    0.000000]   node   0: [mem 0x0000000048000000-0x000000007fffffff]                                      
[    0.000000]   node   0: [mem 0x0000000500000000-0x000000053fffffff]                                      
[    0.000000]   node   0: [mem 0x0000000600000000-0x000000063fffffff]                                      
[    0.000000]   node   0: [mem 0x0000000700000000-0x000000073fffffff]                                      
[    0.000000] Initmem setup node 0 [mem 0x0000000048000000-0x000000073fffffff]                             
[    0.000000] cma: Reserved 128 MiB at 0x0000000073e00000 on node -1                                       
[    0.000000] psci: probing for conduit method from DT.                                                    
[    0.000000] psci: PSCIv1.1 detected in firmware.                                                         
[    0.000000] psci: Using standard PSCI v0.2 function IDs                                                  
[    0.000000] psci: Trusted OS migration not required                                                      
[    0.000000] psci: SMC Calling Convention v1.2                                                            
[    0.000000] percpu: Embedded 30 pages/cpu s93856 r0 d29024 u122880                                       
[    0.000000] pcpu-alloc: s93856 r0 d29024 u122880 alloc=30*4096                                           
[    0.000000] pcpu-alloc: [0] 0 [0] 1 [0] 2 [0] 3 [0] 4 [0] 5 [0] 6 [0] 7                                  
[    0.000000] Detected PIPT I-cache on CPU0                                                                
[    0.000000] CPU features: detected: Spectre-v2                                                           
[    0.000000] CPU features: detected: Spectre-BHB                                                          
[    0.000000] CPU features: detected: ARM erratum 1742098                                                  
[    0.000000] CPU features: detected: ARM errata 1165522, 1319367, or 1530923                              
[    0.000000] alternatives: applying boot alternatives                                                     
[    0.000000] Kernel command line: ignore_loglevel rw ip=off                                               
[    0.000000] Dentry cache hash table entries: 524288 (order: 10, 4194304 bytes, linear)                   
[    0.000000] Inode-cache hash table entries: 262144 (order: 9, 2097152 bytes, linear)                     
[    0.000000] Built 1 zonelists, mobility grouping on.  Total pages: 1015808                               
[    0.000000] mem auto-init: stack:off, heap alloc:off, heap free:off                                      
[    0.000000] software IO TLB: area num 8.                                                                 
[    0.000000] software IO TLB: mapped [mem 0x000000007c000000-0x0000000080000000] (64MB)                   
[    0.000000] Memory: 3744560K/4063232K available (14656K kernel code, 2480K rwdata, 5040K rodata, 8384K in
i                                                                                                           
it, 11231K bss, 187600K reserved, 131072K cma-reserved)
[    0.000000] SLUB: HWalign=64, Order=0-3, MinObjects=0, CPUs=8, Nodes=1
[    0.000000] trace event string verifier disabled
[    0.000000] Running RCU self tests
[    0.000000] Running RCU synchronous self tests
[    0.000000] rcu: Preemptible hierarchical RCU implementation.
[    0.000000] rcu: [4CRCU event tracing is enabled.
[    0.000000] rcu: [4CRCU lockdep checking is enabled.
[    0.000000]  Trampoline variant of Tasks RCU enabled.
[    0.000000] rcu: RCU calculated value of scheduler-enlistment delay is 25 jiffies.
[    0.000000] Running RCU synchronous self tests
[    0.000000] RCU Tasks: Setting shift to 3 and lim to 1 rcu_task_cb_adjust=1.
[    0.000000] NR_IRQS: 64, nr_irqs: 64, preallocated irqs: 0
[    0.000000] GIC: Adjusting CPU interface base to 0x00000000f102f000
[    0.000000] Root IRQ handler: gic_handle_irq
[    0.000000] GIC: Using split EOI/Deactivate mode
[    0.000000] rcu: srcu_init: Setting srcu_struct sizes based on contention.
[    0.000000] arch_timer: cp15 timer(s) running at 8.32MHz (phys).
[    0.000000] clocksource: arch_sys_counter: mask: 0xffffffffffffff max_cycles: 0x1eb398c07, max_idle_ns: 4[H                                                                                                            
Starting kernel ...                                                                                         
                                                                                                            
[    0.000000] Booting Linux on physical CPU 0x0000000000 [0x411fd073]                                      
[    0.000000] Linux version 6.10.0-rc5-arm64-renesas (neg@sleipner) (aarch64-linux-gnu-gcc (GCC) 14.1.0, GN
U ld (GNU Binutils) 2.42) #31 SMP PREEMPT Thu Jun 27 12:12:13 CEST 2024                                     
[    0.000000] Machine model: Renesas Salvator-X 2nd version board based on r8a77951                        
[    0.000000] printk: debug: ignoring loglevel setting.                                                    
[    0.000000] efi: UEFI not found.                                                                         
[    0.000000] Zone ranges:                                                                                 
[    0.000000]   DMA      [mem 0x0000000048000000-0x00000000ffffffff]                                       
[    0.000000]   DMA32    empty                                                                             
[    0.000000]   Normal   [mem 0x0000000100000000-0x000000073fffffff]                                       
[    0.000000] Movable zone start for each node                                                             
[    0.000000] Early memory node ranges                                                                     
[    0.000000]   node   0: [mem 0x0000000048000000-0x000000007fffffff]                                      
[    0.000000]   node   0: [mem 0x0000000500000000-0x000000053fffffff]                                      
[    0.000000]   node   0: [mem 0x0000000600000000-0x000000063fffffff]                                      
[    0.000000]   node   0: [mem 0x0000000700000000-0x000000073fffffff]                                      
[    0.000000] Initmem setup node 0 [mem 0x0000000048000000-0x000000073fffffff]                             
[    0.000000] cma: Reserved 128 MiB at 0x0000000073e00000 on node -1                                       
[    0.000000] psci: probing for conduit method from DT.                                                    
[    0.000000] psci: PSCIv1.1 detected in firmware.                                                         
[    0.000000] psci: Using standard PSCI v0.2 function IDs                                                  
[    0.000000] psci: Trusted OS migration not required                                                      
[    0.000000] psci: SMC Calling Convention v1.2                                                            
[    0.000000] percpu: Embedded 30 pages/cpu s93856 r0 d29024 u122880                                       
[    0.000000] pcpu-alloc: s93856 r0 d29024 u122880 alloc=30*4096                                           
[    0.000000] pcpu-alloc: [0] 0 [0] 1 [0] 2 [0] 3 [0] 4 [0] 5 [0] 6 [0] 7                                  
[    0.000000] Detected PIPT I-cache on CPU0                                                                
[    0.000000] CPU features: detected: Spectre-v2                                                           
[    0.000000] CPU features: detected: Spectre-BHB                                                          
[    0.000000] CPU features: detected: ARM erratum 1742098                                                  
[    0.000000] CPU features: detected: ARM errata 1165522, 1319367, or 1530923                              
[    0.000000] alternatives: applying boot alternatives                                                     
[    0.000000] Kernel command line: ignore_loglevel rw ip=off                                               
[    0.000000] Dentry cache hash table entries: 524288 (order: 10, 4194304 bytes, linear)                   
[    0.000000] Inode-cache hash table entries: 262144 (order: 9, 2097152 bytes, linear)                     
[    0.000000] Built 1 zonelists, mobility grouping on.  Total pages: 1015808                               
[    0.000000] mem auto-init: stack:off, heap alloc:off, heap free:off                                      
[    0.000000] software IO TLB: area num 8.                                                                 
[    0.000000] software IO TLB: mapped [mem 0x000000007c000000-0x0000000080000000] (64MB)                   
[    0.000000] Memory: 3744560K/4063232K available (14656K kernel code, 2480K rwdata, 5040K rodata, 8384K in
it, 11231K bss, 187600K reserved, 131072K cma-reserved)                                                     
[    0.000000] SLUB: HWalign=64, Order=0-3, MinObjects=0, CPUs=8, Nodes=1                                   
[    0.000000] trace event string verifier disabled                                                         
[    0.000000] Running RCU self tests                                                                       
[    0.000000] Running RCU synchronous self tests                                                           
[    0.000000] rcu: Preemptible hierarchical RCU implementation.                                            
[    0.000000] rcu:     RCU event tracing is enabled.                                                       
[    0.000000] rcu:     RCU lockdep checking is enabled.                                                    
[    0.000000]  Trampoline variant of Tasks RCU enabled.                                                    
[    0.000000] rcu: RCU calculated value of scheduler-enlistment delay is 25 jiffies.                       
[    0.000000] Running RCU synchronous self tests                                                           
[    0.000000] RCU Tasks: Setting shift to 3 and lim to 1 rcu_task_cb_adjust=1.                             
[    0.000000] NR_IRQS: 64, nr_irqs: 64, preallocated irqs: 0                                               
[    0.000000] GIC: Adjusting CPU interface base to 0x00000000f102f000                                      
[    0.000000] Root IRQ handler: gic_handle_irq                                                             
[    0.000000] GIC: Using split EOI/Deactivate mode                                                         
[    0.000000] rcu: srcu_init: Setting srcu_struct sizes based on contention.                               
[    0.000000] arch_timer: cp15 timer(s) running at 8.32MHz (phys).                                         
[    0.000000] clocksource: arch_sys_counter: mask: 0xffffffffffffff max_cycles: 0x1eb398c07, max_idle_ns: 4
4                                                                                                           
40795202503 ns
[    0.000000] sched_clock: 56 bits at 8MHz, resolution 120ns, wraps every 2199023255503ns
[    0.000359] Console: colour dummy device 80x25
[    0.000406] printk: legacy console [tty0] enabled
[    0.002882] Lock dependency validator: Copyright (c) 2006 Red Hat, Inc., Ingo Molnar
[    0.002947] ... MAX_LOCKDEP_SUBCLASSES:  8
[    0.002984] ... MAX_LOCK_DEPTH:          48
[    0.003021] ... MAX_LOCKDEP_KEYS:        8192
[    0.003058] ... CLASSHASH_SIZE:          4096
[    0.003096] ... MAX_LOCKDEP_ENTRIES:     32768
[    0.003134] ... MAX_LOCKDEP_CHAINS:      65536
[    0.003173] ... CHAINHASH_SIZE:          32768
[    0.003210]  memory used by lock dependency info: 6429 kB
[    0.003254]  memory used for stack traces: 4224 kB
[    0.003294]  per task-struct memory footprint: 1920 bytes
[    0.003396] Calibrating delay loop (skipped), value calculated using timer frequency.. 16.64 BogoMIPS (lp[H[    0.000000]   node   0: [mem 0x0000000500000000-0x000000053fffffff]                                      
[    0.000000]   node   0: [mem 0x0000000600000000-0x000000063fffffff]                                      
[    0.000000]   node   0: [mem 0x0000000700000000-0x000000073fffffff]                                      
[    0.000000] Initmem setup node 0 [mem 0x0000000048000000-0x000000073fffffff]                             
[    0.000000] cma: Reserved 128 MiB at 0x0000000073e00000 on node -1                                       
[    0.000000] psci: probing for conduit method from DT.                                                    
[    0.000000] psci: PSCIv1.1 detected in firmware.                                                         
[    0.000000] psci: Using standard PSCI v0.2 function IDs                                                  
[    0.000000] psci: Trusted OS migration not required                                                      
[    0.000000] psci: SMC Calling Convention v1.2                                                            
[    0.000000] percpu: Embedded 30 pages/cpu s93856 r0 d29024 u122880                                       
[    0.000000] pcpu-alloc: s93856 r0 d29024 u122880 alloc=30*4096                                           
[    0.000000] pcpu-alloc: [0] 0 [0] 1 [0] 2 [0] 3 [0] 4 [0] 5 [0] 6 [0] 7                                  
[    0.000000] Detected PIPT I-cache on CPU0                                                                
[    0.000000] CPU features: detected: Spectre-v2                                                           
[    0.000000] CPU features: detected: Spectre-BHB                                                          
[    0.000000] CPU features: detected: ARM erratum 1742098                                                  
[    0.000000] CPU features: detected: ARM errata 1165522, 1319367, or 1530923                              
[    0.000000] alternatives: applying boot alternatives                                                     
[    0.000000] Kernel command line: ignore_loglevel rw ip=off                                               
[    0.000000] Dentry cache hash table entries: 524288 (order: 10, 4194304 bytes, linear)                   
[    0.000000] Inode-cache hash table entries: 262144 (order: 9, 2097152 bytes, linear)                     
[    0.000000] Built 1 zonelists, mobility grouping on.  Total pages: 1015808                               
[    0.000000] mem auto-init: stack:off, heap alloc:off, heap free:off                                      
[    0.000000] software IO TLB: area num 8.                                                                 
[    0.000000] software IO TLB: mapped [mem 0x000000007c000000-0x0000000080000000] (64MB)                   
[    0.000000] Memory: 3744560K/4063232K available (14656K kernel code, 2480K rwdata, 5040K rodata, 8384K in
it, 11231K bss, 187600K reserved, 131072K cma-reserved)                                                     
[    0.000000] SLUB: HWalign=64, Order=0-3, MinObjects=0, CPUs=8, Nodes=1                                   
[    0.000000] trace event string verifier disabled                                                         
[    0.000000] Running RCU self tests                                                                       
[    0.000000] Running RCU synchronous self tests                                                           
[    0.000000] rcu: Preemptible hierarchical RCU implementation.                                            
[    0.000000] rcu:     RCU event tracing is enabled.                                                       
[    0.000000] rcu:     RCU lockdep checking is enabled.                                                    
[    0.000000]  Trampoline variant of Tasks RCU enabled.                                                    
[    0.000000] rcu: RCU calculated value of scheduler-enlistment delay is 25 jiffies.                       
[    0.000000] Running RCU synchronous self tests                                                           
[    0.000000] RCU Tasks: Setting shift to 3 and lim to 1 rcu_task_cb_adjust=1.                             
[    0.000000] NR_IRQS: 64, nr_irqs: 64, preallocated irqs: 0                                               
[    0.000000] GIC: Adjusting CPU interface base to 0x00000000f102f000                                      
[    0.000000] Root IRQ handler: gic_handle_irq                                                             
[    0.000000] GIC: Using split EOI/Deactivate mode                                                         
[    0.000000] rcu: srcu_init: Setting srcu_struct sizes based on contention.                               
[    0.000000] arch_timer: cp15 timer(s) running at 8.32MHz (phys).                                         
[    0.000000] clocksource: arch_sys_counter: mask: 0xffffffffffffff max_cycles: 0x1eb398c07, max_idle_ns: 4
40795202503 ns                                                                                              
[    0.000000] sched_clock: 56 bits at 8MHz, resolution 120ns, wraps every 2199023255503ns                  
[    0.000359] Console: colour dummy device 80x25                                                           
[    0.000406] printk: legacy console [tty0] enabled                                                        
[    0.002882] Lock dependency validator: Copyright (c) 2006 Red Hat, Inc., Ingo Molnar                     
[    0.002947] ... MAX_LOCKDEP_SUBCLASSES:  8                                                               
[    0.002984] ... MAX_LOCK_DEPTH:          48                                                              
[    0.003021] ... MAX_LOCKDEP_KEYS:        8192                                                            
[    0.003058] ... CLASSHASH_SIZE:          4096                                                            
[    0.003096] ... MAX_LOCKDEP_ENTRIES:     32768                                                           
[    0.003134] ... MAX_LOCKDEP_CHAINS:      65536                                                           
[    0.003173] ... CHAINHASH_SIZE:          32768                                                           
[    0.003210]  memory used by lock dependency info: 6429 kB                                                
[    0.003254]  memory used for stack traces: 4224 kB                                                       
[    0.003294]  per task-struct memory footprint: 1920 bytes                                                
[    0.003396] Calibrating delay loop (skipped), value calculated using timer frequency.. 16.64 BogoMIPS (lp
j                                                                                                           
j=33280)
[    0.003483] pid_max: default: 32768 minimum: 301
[    0.003815] Mount-cache hash table entries: 8192 (order: 4, 65536 bytes, linear)
[    0.003980] Mountpoint-cache hash table entries: 8192 (order: 4, 65536 bytes, linear)
[    0.005621] Running RCU synchronous self tests
[    0.005685] Running RCU synchronous self tests
[    0.012512] Running RCU Tasks wait API self tests
[    0.116841] rcu: Hierarchical SRCU implementation.
[    0.116892] rcu: [4CMax phase no-delay instances is 1000.
[    0.119066] Detected Renesas R-Car Gen3 r8a7795 ES2.0
[    0.120346] EFI services will not be available.
[    0.121566] smp: Bringing up secondary CPUs ...
[    0.129023] Detected PIPT I-cache on CPU1
[    0.129154] CPU1: Booted secondary processor 0x0000000001 [0x411fd073]
[    0.130868] Detected PIPT I-cache on CPU2
[    0.130960] CPU2: Booted secondary processor 0x0000000002 [0x411fd073]
[    0.132588] Detected PIPT I-cache on CPU3
[    0.132683] CPU3: Booted secondary processor 0x0000000003 [0x411fd073]
[    0.134229] CPU features: detected: ARM erratum 845719
[    0.134249] Detected VIPT I-cache on CPU4
[    0.134413] CPU4: Booted secondary processor 0x0000000100 [0x410fd034]
[    0.136081] Detected VIPT I-cache on CPU5
[    0.136205] CPU5: Booted secondary processor 0x0000000101 [0x410fd034]
[    0.137851] Detected VIPT I-cache on CPU6
[    0.137981] CPU6: Booted secondary processor 0x0000000102 [0x410fd034]
[    0.139619] Detected VIPT I-cache on CPU7
[    0.139752] CPU7: Booted secondary processor 0x0000000103 [0x410fd034]
[    0.140205] smp: Brought up 1 node, 8 CPUs
[    0.140884] SMP: Total of 8 processors activated.
[    0.140929] CPU: All CPU(s) started at EL2
[    0.140981] CPU features: detected: 32-bit EL0 Support
[    0.141027] CPU features: detected: 32-bit EL1 Support
[    0.141074] CPU features: detected: CRC32 instructions
[    0.141297] alternatives: applying system-wide alternatives
[    0.145786] devtmpfs: initialized
[    0.195594] Running RCU synchronous self tests
[    0.195710] Running RCU synchronous self tests
[    0.195942] clocksource: jiffies: mask: 0xffffffff max_cycles: 0xffffffff, max_idle_ns: 7645041785100000 [H[    0.000000] RCU Tasks: Setting shift to 3 and lim to 1 rcu_task_cb_adjust=1.                             
[    0.000000] NR_IRQS: 64, nr_irqs: 64, preallocated irqs: 0                                               
[    0.000000] GIC: Adjusting CPU interface base to 0x00000000f102f000                                      
[    0.000000] Root IRQ handler: gic_handle_irq                                                             
[    0.000000] GIC: Using split EOI/Deactivate mode                                                         
[    0.000000] rcu: srcu_init: Setting srcu_struct sizes based on contention.                               
[    0.000000] arch_timer: cp15 timer(s) running at 8.32MHz (phys).                                         
[    0.000000] clocksource: arch_sys_counter: mask: 0xffffffffffffff max_cycles: 0x1eb398c07, max_idle_ns: 4
40795202503 ns                                                                                              
[    0.000000] sched_clock: 56 bits at 8MHz, resolution 120ns, wraps every 2199023255503ns                  
[    0.000359] Console: colour dummy device 80x25                                                           
[    0.000406] printk: legacy console [tty0] enabled                                                        
[    0.002882] Lock dependency validator: Copyright (c) 2006 Red Hat, Inc., Ingo Molnar                     
[    0.002947] ... MAX_LOCKDEP_SUBCLASSES:  8                                                               
[    0.002984] ... MAX_LOCK_DEPTH:          48                                                              
[    0.003021] ... MAX_LOCKDEP_KEYS:        8192                                                            
[    0.003058] ... CLASSHASH_SIZE:          4096                                                            
[    0.003096] ... MAX_LOCKDEP_ENTRIES:     32768                                                           
[    0.003134] ... MAX_LOCKDEP_CHAINS:      65536                                                           
[    0.003173] ... CHAINHASH_SIZE:          32768                                                           
[    0.003210]  memory used by lock dependency info: 6429 kB                                                
[    0.003254]  memory used for stack traces: 4224 kB                                                       
[    0.003294]  per task-struct memory footprint: 1920 bytes                                                
[    0.003396] Calibrating delay loop (skipped), value calculated using timer frequency.. 16.64 BogoMIPS (lp
j=33280)                                                                                                    
[    0.003483] pid_max: default: 32768 minimum: 301                                                         
[    0.003815] Mount-cache hash table entries: 8192 (order: 4, 65536 bytes, linear)                         
[    0.003980] Mountpoint-cache hash table entries: 8192 (order: 4, 65536 bytes, linear)                    
[    0.005621] Running RCU synchronous self tests                                                           
[    0.005685] Running RCU synchronous self tests                                                           
[    0.012512] Running RCU Tasks wait API self tests                                                        
[    0.116841] rcu: Hierarchical SRCU implementation.                                                       
[    0.116892] rcu:     Max phase no-delay instances is 1000.                                               
[    0.119066] Detected Renesas R-Car Gen3 r8a7795 ES2.0                                                    
[    0.120346] EFI services will not be available.                                                          
[    0.121566] smp: Bringing up secondary CPUs ...                                                          
[    0.129023] Detected PIPT I-cache on CPU1                                                                
[    0.129154] CPU1: Booted secondary processor 0x0000000001 [0x411fd073]                                   
[    0.130868] Detected PIPT I-cache on CPU2                                                                
[    0.130960] CPU2: Booted secondary processor 0x0000000002 [0x411fd073]                                   
[    0.132588] Detected PIPT I-cache on CPU3                                                                
[    0.132683] CPU3: Booted secondary processor 0x0000000003 [0x411fd073]                                   
[    0.134229] CPU features: detected: ARM erratum 845719                                                   
[    0.134249] Detected VIPT I-cache on CPU4                                                                
[    0.134413] CPU4: Booted secondary processor 0x0000000100 [0x410fd034]                                   
[    0.136081] Detected VIPT I-cache on CPU5                                                                
[    0.136205] CPU5: Booted secondary processor 0x0000000101 [0x410fd034]                                   
[    0.137851] Detected VIPT I-cache on CPU6                                                                
[    0.137981] CPU6: Booted secondary processor 0x0000000102 [0x410fd034]                                   
[    0.139619] Detected VIPT I-cache on CPU7                                                                
[    0.139752] CPU7: Booted secondary processor 0x0000000103 [0x410fd034]                                   
[    0.140205] smp: Brought up 1 node, 8 CPUs                                                               
[    0.140884] SMP: Total of 8 processors activated.                                                        
[    0.140929] CPU: All CPU(s) started at EL2                                                               
[    0.140981] CPU features: detected: 32-bit EL0 Support                                                   
[    0.141027] CPU features: detected: 32-bit EL1 Support                                                   
[    0.141074] CPU features: detected: CRC32 instructions                                                   
[    0.141297] alternatives: applying system-wide alternatives                                              
[    0.145786] devtmpfs: initialized                                                                        
[    0.195594] Running RCU synchronous self tests                                                           
[    0.195710] Running RCU synchronous self tests                                                           
[    0.195942] clocksource: jiffies: mask: 0xffffffff max_cycles: 0xffffffff, max_idle_ns: 7645041785100000 
n                                                                                                           
ns
[    0.196047] futex hash table entries: 2048 (order: 6, 262144 bytes, linear)
[    0.214863] pinctrl core: initialized pinctrl subsystem
[    0.216587] DMI not present or invalid.
[    0.218299] NET: Registered PF_NETLINK/PF_ROUTE protocol family
[    0.221113] DMA: preallocated 512 KiB GFP_KERNEL pool for atomic allocations
[    0.221257] Callback from call_rcu_tasks() invoked.
[    0.221561] DMA: preallocated 512 KiB GFP_KERNEL|GFP_DMA pool for atomic allocations
[    0.222261] DMA: preallocated 512 KiB GFP_KERNEL|GFP_DMA32 pool for atomic allocations
[    0.222457] audit: initializing netlink subsys (disabled)
[    0.222899] audit: type=2000 audit(0.220:1): state=initialized audit_enabled=0 res=1
[    0.224271] thermal_sys: Registered thermal governor 'step_wise'
[    0.224438] cpuidle: using governor menu
[    0.224659] hw-breakpoint: found 6 breakpoint and 4 watchpoint registers.
[    0.225165] ASID allocator initialised with 65536 entries
[    0.250643] platform soc: Fixed dependency cycle(s) with /soc/interrupt-controller@f1010000
[    0.257112] platform e6060000.pinctrl: Fixed dependency cycle(s) with /soc/pinctrl@e6060000/scif_clk
[    0.258350] sh-pfc e6060000.pinctrl: r8a77951_pfc support registered
[    0.279743] platform e6ef0000.video: Fixed dependency cycle(s) with /soc/csi2@feaa0000
[    0.279974] platform e6ef0000.video: Fixed dependency cycle(s) with /soc/csi2@fea80000
[    0.280778] platform e6ef1000.video: Fixed dependency cycle(s) with /soc/csi2@feaa0000
[    0.280985] platform e6ef1000.video: Fixed dependency cycle(s) with /soc/csi2@fea80000
[    0.281751] platform e6ef2000.video: Fixed dependency cycle(s) with /soc/csi2@feaa0000
[    0.281942] platform e6ef2000.video: Fixed dependency cycle(s) with /soc/csi2@fea80000
[    0.282688] platform e6ef3000.video: Fixed dependency cycle(s) with /soc/csi2@feaa0000
[    0.282861] platform e6ef3000.video: Fixed dependency cycle(s) with /soc/csi2@fea80000
[    0.283580] platform e6ef4000.video: Fixed dependency cycle(s) with /soc/csi2@fea80000
[    0.284287] platform e6ef5000.video: Fixed dependency cycle(s) with /soc/csi2@fea80000
[    0.284982] platform e6ef6000.video: Fixed dependency cycle(s) with /soc/csi2@fea80000
[    0.285708] platform e6ef7000.video: Fixed dependency cycle(s) with /soc/csi2@fea80000
[    0.287564] platform ec500000.sound: Fixed dependency cycle(s) with /soc/hdmi@feae0000
[    0.287689] platform ec500000.sound: Fixed dependency cycle(s) with /soc/hdmi@fead0000
[    0.287778] platform ec500000.sound: Fixed dependency cycle(s) with /soc/i2c@e6510000/codec@10
[    0.315258] platform e6ef7000.video: Fixed dependency cycle(s) with /soc/csi2@fea80000
[    0.315575] platform e6ef6000.video: Fixed dependency cycle(s) with /soc/csi2@fea80000
[    0.315892] platform e6ef5000.video: Fixed dependency cycle(s) with /soc/csi2@fea80000
[    0.316194] platform e6ef4000.video: Fixed dependency cycle(s) with /soc/csi2@fea80000
[    0.316482] platform e6ef3000.video: Fixed dependency cycle(s) with /soc/csi2@fea80000
[    0.316771] platform e6ef2000.video: Fixed dependency cycle(s) with /soc/csi2@fea80000
[    0.317050] platform e6ef1000.video: Fixed dependency cycle(s) with /soc/csi2@fea80000
[    0.317333] platform e6ef0000.video: Fixed dependency cycle(s) with /soc/csi2@fea80000
[    0.317699] platform fea80000.csi2: Fixed dependency cycle(s) with /soc/video@e6ef7000
[    0.317913] platform fea80000.csi2: Fixed dependency cycle(s) with /soc/video@e6ef6000
[    0.318129] platform fea80000.csi2: Fixed dependency cycle(s) with /soc/video@e6ef5000
[    0.318337] platform fea80000.csi2: Fixed dependency cycle(s) with /soc/video@e6ef4000
[    0.318569] platform fea80000.csi2: Fixed dependency cycle(s) with /soc/video@e6ef3000
[    0.318793] platform fea80000.csi2: Fixed dependency cycle(s) with /soc/video@e6ef2000
[    0.319024] platform fea80000.csi2: Fixed dependency cycle(s) with /soc/video@e6ef1000
[    0.319249] platform fea80000.csi2: Fixed dependency cycle(s) with /soc/video@e6ef0000
[    0.319480] platform fea80000.csi2: Fixed dependency cycle(s) with /soc/i2c@e66d8000/video-receiver@70
[    0.320257] platform e6ef3000.video: Fixed dependency cycle(s) with /soc/csi2@feaa0000
[    0.320543] platform e6ef2000.video: Fixed dependency cycle(s) with /soc/csi2@feaa0000
[    0.320820] platform e6ef1000.video: Fixed dependency cycle(s) with /soc/csi2@feaa0000
[    0.321094] platform e6ef0000.video: Fixed dependency cycle(s) with /soc/csi2@feaa0000
[    0.321451] platform feaa0000.csi2: Fixed dependency cycle(s) with /soc/video@e6ef3000
[    0.321680] platform feaa0000.csi2: Fixed dependency cycle(s) with /soc/video@e6ef2000
[    0.321909] platform feaa0000.csi2: Fixed dependency cycle(s) with /soc/video@e6ef1000
[    0.322130] platform feaa0000.csi2: Fixed dependency cycle(s) with /soc/video@e6ef0000
[    0.322359] platform feaa0000.csi2: Fixed dependency cycle(s) with /soc/i2c@e66d8000/video-receiver@70
[    0.323097] platform ec500000.sound: Fixed dependency cycle(s) with /soc/hdmi@fead0000
[    0.323363] platform fead0000.hdmi: Fixed dependency cycle(s) with /soc/sound@ec500000
[    0.323666] platform fead0000.hdmi: Fixed dependency cycle(s) with /soc/display@feb00000
[    0.324347] platform ec500000.sound: Fixed dependency cycle(s) with /soc/hdmi@feae0000
[    0.324600] platform feae0000.hdmi: Fixed dependency cycle(s) with /soc/sound@ec500000
[    0.324856] platform feae0000.hdmi: Fixed dependency cycle(s) with /soc/display@feb00000
[    0.325545] platform feae0000.hdmi: Fixed dependency cycle(s) with /soc/display@feb00000
[    0.325799] platform fead0000.hdmi: Fixed dependency cycle(s) with /soc/display@feb00000
[    0.326170] platform feb00000.display: Fixed dependency cycle(s) with /soc/hdmi@feae0000
[    0.326399] platform feb00000.display: Fixed dependency cycle(s) with /soc/hdmi@fead0000
[    0.328671] platform cvbs-in: Fixed dependency cycle(s) with /soc/i2c@e66d8000/video-receiver@70
[    0.329226] platform hdmi-in: Fixed dependency cycle(s) with /soc/i2c@e66d8000/video-receiver@70
[    0.329606] platform fead0000.hdmi: Fixed dependency cycle(s) with /hdmi0-out
[    0.329872] platform hdmi0-out: Fixed dependency cycle(s) with /soc/hdmi@fead0000
[    0.330354] platform feae0000.hdmi: Fixed dependency cycle(s) with /hdmi1-out
[    0.330599] platform hdmi1-out: Fixed dependency cycle(s) with /soc/hdmi@feae0000
[    0.336375] platform vga: Fixed dependency cycle(s) with /vga-encoder
[    0.336588] platform feb00000.display: Fixed dependency cycle(s) with /vga-encoder
[    0.336826] platform vga-encoder: Fixed dependency cycle(s) with /vga
[    0.337069] platform vga-encoder: Fixed dependency cycle(s) with /soc/display@feb00000
[    0.339193] HugeTLB: registered 1.00 GiB page size, pre-allocated 0 pages
[    0.339261] HugeTLB: 0 KiB vmemmap can be freed for a 1.00 GiB page
[    0.339317] HugeTLB: registered 32.0 MiB page size, pre-allocated 0 pages
[    0.339374] HugeTLB: 0 KiB vmemmap can be freed for a 32.0 MiB page
[    0.339429] HugeTLB: registered 2.00 MiB page size, pre-allocated 0 pages
[    0.339485] HugeTLB: 0 KiB vmemmap can be freed for a 2.00 MiB page
[    0.339539] HugeTLB: registered 64.0 KiB page size, pre-allocated 0 pages
[    0.339595] HugeTLB: 0 KiB vmemmap can be freed for a 64.0 KiB page
[    0.349706] iommu: Default domain type: Translated
[    0.349766] iommu: DMA domain TLB invalidation policy: strict mode
[    0.353004] SCSI subsystem initialized
[    0.353555] libata version 3.00 loaded.
[    0.354014] usbcore: registered new interface driver usbfs
[    0.354155] usbcore: registered new interface driver hub
[    0.354290] usbcore: registered new device driver usb
[    0.358160] i2c-sh_mobile e60b0000.i2c: I2C adapter 7, bus speed 400000 Hz
[    0.359294] mc: Linux media interface: v0.10
[    0.359462] videodev: Linux video capture interface: v2.00
[    0.359657] pps_core: LinuxPPS API ver. 1 registered
[    0.359706] pps_core: Software ver. 5.3.6 - Copyright 2005-2007 Rodolfo Giometti <giometti@linux.it>
[    0.359806] PTP clock support registered
[    0.362259] Advanced Linux Sound Architecture Driver Initialized.
[    0.363706] Bluetooth: Core ver 2.22
[    0.363856] NET: Registered PF_BLUETOOTH protocol family
[    0.363908] Bluetooth: HCI device and connection manager initialized
[    0.363993] Bluetooth: HCI socket layer initialized
[    0.364047] Bluetooth: L2CAP socket layer initialized
[    0.364143] Bluetooth: SCO socket layer initialized
[    0.365191] vgaarb: loaded
[    0.366048] clocksource: Switched to clocksource arch_sys_counter
[    0.367306] VFS: Disk quotas dquot_6.6.0
[    0.367448] VFS: Dquot-cache hash table entries: 512 (order 0, 4096 bytes)
[    0.391174] NET: Registered PF_INET protocol family
[    0.391540] IP idents hash table entries: 65536 (order: 7, 524288 bytes, linear)
[    0.393989] tcp_listen_portaddr_hash hash table entries: 2048 (order: 5, 147456 bytes, linear)
[    0.394531] Table-perturb hash table entries: 65536 (order: 6, 262144 bytes, linear)
[    0.394626] TCP established hash table entries: 32768 (order: 6, 262144 bytes, linear)
[    0.394923] TCP bind hash table entries: 32768 (order: 10, 4718592 bytes, vmalloc hugepage)
[    0.402587] TCP: Hash tables configured (established 32768 bind 32768)
[    0.403055] UDP hash table entries: 2048 (order: 6, 327680 bytes, linear)
[    0.403724] UDP-Lite hash table entries: 2048 (order: 6, 327680 bytes, linear)
[    0.404613] NET: Registered PF_UNIX/PF_LOCAL protocol family
[    0.406005] RPC: Registered named UNIX socket transport module.
[    0.406123] RPC: Registered udp transport module.
[    0.406170] RPC: Registered tcp transport module.
[    0.406215] RPC: Registered tcp-with-tls transport module.
[    0.406264] RPC: Registered tcp NFSv4.1 backchannel transport module.
[    0.407367] PCI: CLS 0 bytes, default 64
[    0.427652] kvm [1]: nv: 477 coarse grained trap handlers
[    0.429622] kvm [1]: IPA Size Limit: 40 bits
[    0.434263] kvm [1]: vgic interrupt IRQ9
[    0.434383] kvm [1]: Hyp nVHE mode initialized successfully
[    0.438865] Initialise system trusted keyrings
[    0.439403] workingset: timestamp_bits=46 max_order=20 bucket_order=0
[    0.440553] squashfs: version 4.0 (2009/01/31) Phillip Lougher
[    0.441451] NFS: Registering the id_resolver key type
[    0.441555] Key type id_resolver registered
[    0.441615] Key type id_legacy registered
[    0.441699] nfs4filelayout_init: NFSv4 File Layout Driver Registering...
[    0.441781] nfs4flexfilelayout_init: NFSv4 Flexfile Layout Driver Registering...
[    0.475411] Key type asymmetric registered
[    0.475537] Asymmetric key parser 'x509' registered
[    0.475764] Block layer SCSI generic (bsg) driver version 0.4 loaded (major 244)
[    0.475858] io scheduler mq-deadline registered
[    0.475906] io scheduler kyber registered
[    0.495709] gpio_rcar e6050000.gpio: driving 16 GPIOs
[    0.496857] gpio_rcar e6051000.gpio: driving 29 GPIOs
[    0.497955] gpio_rcar e6052000.gpio: driving 15 GPIOs
[    0.499094] gpio_rcar e6053000.gpio: driving 16 GPIOs
[    0.500194] gpio_rcar e6054000.gpio: driving 18 GPIOs
[    0.501307] gpio_rcar e6055000.gpio: driving 26 GPIOs
[    0.502521] gpio_rcar e6055400.gpio: driving 32 GPIOs
[    0.503637] gpio_rcar e6055800.gpio: driving 4 GPIOs
[    0.508384] rcar-pcie fe000000.pcie: host bridge /soc/pcie@fe000000 ranges:
[    0.508554] rcar-pcie fe000000.pcie:       IO 0x00fe100000..0x00fe1fffff -> 0x0000000000
[    0.508738] rcar-pcie fe000000.pcie:      MEM 0x00fe200000..0x00fe3fffff -> 0x00fe200000
[    0.508875] rcar-pcie fe000000.pcie:      MEM 0x0030000000..0x0037ffffff -> 0x0030000000
[    0.508981] rcar-pcie fe000000.pcie:      MEM 0x0038000000..0x003fffffff -> 0x0038000000
[    0.509100] rcar-pcie fe000000.pcie:   IB MEM 0x0000000000..0x00ffffffff -> 0x0000000000
[    0.561713] rcar-pcie fe000000.pcie: PCIe link down
[    0.562669] rcar-pcie ee800000.pcie: host bridge /soc/pcie@ee800000 ranges:
[    0.562832] rcar-pcie ee800000.pcie:       IO 0x00ee900000..0x00ee9fffff -> 0x0000000000
[    0.562976] rcar-pcie ee800000.pcie:      MEM 0x00eea00000..0x00eebfffff -> 0x00eea00000
[    0.563109] rcar-pcie ee800000.pcie:      MEM 0x00c0000000..0x00c7ffffff -> 0x00c0000000
[    0.563214] rcar-pcie ee800000.pcie:      MEM 0x00c8000000..0x00cfffffff -> 0x00c8000000
[    0.563331] rcar-pcie ee800000.pcie:   IB MEM 0x0000000000..0x00ffffffff -> 0x0000000000
[    0.615863] rcar-pcie ee800000.pcie: PCIe link down
[    0.774726] Serial: 8250/16550 driver, 2 ports, IRQ sharing disabled
[    0.778595] SuperH (H)SCI(F) driver initialized
[    0.780613] e6550000.serial: ttySC1 at MMIO 0xe6550000 (irq = 28, base_baud = 0) is a hscif
[    0.783178] e6e88000.serial: ttySC0 at MMIO 0xe6e88000 (irq = 29, base_baud = 0) is a scif
[    0.783445] printk: legacy console [ttySC0] enabled
[    2.574669] loop: module loaded
[    2.578341] at24 7-0050: supply vcc not found, using dummy regulator
[    2.586008] at24 7-0050: 128 byte br24t01 EEPROM, writable, 8 bytes/write
[    2.601447] tun: Universal TUN/TAP device driver, 1.6
[    2.607419] CAN device driver interface
[    2.615282] VFIO - User Level meta-driver version: 0.3
[    2.622440] ehci-platform ee0c0100.usb: EHCI Host Controller
[    2.622559] ehci-platform ee0a0100.usb: EHCI Host Controller
[    2.623185] ohci-platform ee0a0000.usb: Generic Platform OHCI controller
[    2.623440] ohci-platform ee0c0000.usb: Generic Platform OHCI controller
[    2.623542] ohci-platform ee0c0000.usb: new USB bus registered, assigned bus number 2
[    2.623543] ohci-platform ee0a0000.usb: new USB bus registered, assigned bus number 1
[    2.624150] xhci-renesas-hcd ee000000.usb: xHCI Host Controller
[    2.624171] ohci-platform ee0c0000.usb: irq 30, io mem 0xee0c0000
[    2.624238] ohci-platform ee0a0000.usb: irq 31, io mem 0xee0a0000
[    2.624255] xhci-renesas-hcd ee000000.usb: new USB bus registered, assigned bus number 3
[    2.624570] xhci-renesas-hcd ee000000.usb: Direct firmware load for r8a779x_usb3_v3.dlmem failed with err[H[    0.407367] PCI: CLS 0 bytes, default 64                                                                 
[    0.427652] kvm [1]: nv: 477 coarse grained trap handlers                                                
[    0.429622] kvm [1]: IPA Size Limit: 40 bits                                                             
[    0.434263] kvm [1]: vgic interrupt IRQ9                                                                 
[    0.434383] kvm [1]: Hyp nVHE mode initialized successfully                                              
[    0.438865] Initialise system trusted keyrings                                                           
[    0.439403] workingset: timestamp_bits=46 max_order=20 bucket_order=0                                    
[    0.440553] squashfs: version 4.0 (2009/01/31) Phillip Lougher                                           
[    0.441451] NFS: Registering the id_resolver key type                                                    
[    0.441555] Key type id_resolver registered                                                              
[    0.441615] Key type id_legacy registered                                                                
[    0.441699] nfs4filelayout_init: NFSv4 File Layout Driver Registering...                                 
[    0.441781] nfs4flexfilelayout_init: NFSv4 Flexfile Layout Driver Registering...                         
[    0.475411] Key type asymmetric registered                                                               
[    0.475537] Asymmetric key parser 'x509' registered                                                      
[    0.475764] Block layer SCSI generic (bsg) driver version 0.4 loaded (major 244)                         
[    0.475858] io scheduler mq-deadline registered                                                          
[    0.475906] io scheduler kyber registered                                                                
[    0.495709] gpio_rcar e6050000.gpio: driving 16 GPIOs                                                    
[    0.496857] gpio_rcar e6051000.gpio: driving 29 GPIOs                                                    
[    0.497955] gpio_rcar e6052000.gpio: driving 15 GPIOs                                                    
[    0.499094] gpio_rcar e6053000.gpio: driving 16 GPIOs                                                    
[    0.500194] gpio_rcar e6054000.gpio: driving 18 GPIOs                                                    
[    0.501307] gpio_rcar e6055000.gpio: driving 26 GPIOs                                                    
[    0.502521] gpio_rcar e6055400.gpio: driving 32 GPIOs                                                    
[    0.503637] gpio_rcar e6055800.gpio: driving 4 GPIOs                                                     
[    0.508384] rcar-pcie fe000000.pcie: host bridge /soc/pcie@fe000000 ranges:                              
[    0.508554] rcar-pcie fe000000.pcie:       IO 0x00fe100000..0x00fe1fffff -> 0x0000000000                 
[    0.508738] rcar-pcie fe000000.pcie:      MEM 0x00fe200000..0x00fe3fffff -> 0x00fe200000                 
[    0.508875] rcar-pcie fe000000.pcie:      MEM 0x0030000000..0x0037ffffff -> 0x0030000000                 
[    0.508981] rcar-pcie fe000000.pcie:      MEM 0x0038000000..0x003fffffff -> 0x0038000000                 
[    0.509100] rcar-pcie fe000000.pcie:   IB MEM 0x0000000000..0x00ffffffff -> 0x0000000000                 
[    0.561713] rcar-pcie fe000000.pcie: PCIe link down                                                      
[    0.562669] rcar-pcie ee800000.pcie: host bridge /soc/pcie@ee800000 ranges:                              
[    0.562832] rcar-pcie ee800000.pcie:       IO 0x00ee900000..0x00ee9fffff -> 0x0000000000                 
[    0.562976] rcar-pcie ee800000.pcie:      MEM 0x00eea00000..0x00eebfffff -> 0x00eea00000                 
[    0.563109] rcar-pcie ee800000.pcie:      MEM 0x00c0000000..0x00c7ffffff -> 0x00c0000000                 
[    0.563214] rcar-pcie ee800000.pcie:      MEM 0x00c8000000..0x00cfffffff -> 0x00c8000000                 
[    0.563331] rcar-pcie ee800000.pcie:   IB MEM 0x0000000000..0x00ffffffff -> 0x0000000000                 
[    0.615863] rcar-pcie ee800000.pcie: PCIe link down                                                      
[    0.774726] Serial: 8250/16550 driver, 2 ports, IRQ sharing disabled                                     
[    0.778595] SuperH (H)SCI(F) driver initialized                                                          
[    0.780613] e6550000.serial: ttySC1 at MMIO 0xe6550000 (irq = 28, base_baud = 0) is a hscif              
[    0.783178] e6e88000.serial: ttySC0 at MMIO 0xe6e88000 (irq = 29, base_baud = 0) is a scif               
[    0.783445] printk: legacy console [ttySC0] enabled                                                      
[    2.574669] loop: module loaded                                                                          
[    2.578341] at24 7-0050: supply vcc not found, using dummy regulator                                     
[    2.586008] at24 7-0050: 128 byte br24t01 EEPROM, writable, 8 bytes/write                                
[    2.601447] tun: Universal TUN/TAP device driver, 1.6                                                    
[    2.607419] CAN device driver interface                                                                  
[    2.615282] VFIO - User Level meta-driver version: 0.3                                                   
[    2.622440] ehci-platform ee0c0100.usb: EHCI Host Controller                                             
[    2.622559] ehci-platform ee0a0100.usb: EHCI Host Controller                                             
[    2.623185] ohci-platform ee0a0000.usb: Generic Platform OHCI controller                                 
[    2.623440] ohci-platform ee0c0000.usb: Generic Platform OHCI controller                                 
[    2.623542] ohci-platform ee0c0000.usb: new USB bus registered, assigned bus number 2                    
[    2.623543] ohci-platform ee0a0000.usb: new USB bus registered, assigned bus number 1                    
[    2.624150] xhci-renesas-hcd ee000000.usb: xHCI Host Controller                                          
[    2.624171] ohci-platform ee0c0000.usb: irq 30, io mem 0xee0c0000                                        
[    2.624238] ohci-platform ee0a0000.usb: irq 31, io mem 0xee0a0000                                        
[    2.624255] xhci-renesas-hcd ee000000.usb: new USB bus registered, assigned bus number 3                 
[    2.624570] xhci-renesas-hcd ee000000.usb: Direct firmware load for r8a779x_usb3_v3.dlmem failed with err
o                                                                                                           
or -2
[    2.624635] xhci-renesas-hcd ee000000.usb: can't setup: -2
[    2.624648] xhci-renesas-hcd ee000000.usb: USB bus 3 deregistered
[    2.624741] xhci-renesas-hcd ee000000.usb: probe with driver xhci-renesas-hcd failed with error -2
[    2.625257] usbcore: registered new interface driver usb-storage
[    2.627092] renesas_usbhs e659c000.usb: host probed
[    2.627132] renesas_usbhs e659c000.usb: no transceiver found
[    2.627625] renesas_usbhs e659c000.usb: gadget probed
[    2.627930] renesas_usbhs e659c000.usb: probed
[    2.628194] ehci-platform ee0c0100.usb: new USB bus registered, assigned bus number 3
[    2.630822] renesas_usb3 ee020000.usb: probed with phy
[    2.633423] i2c_dev: i2c /dev entries driver
[    2.633876] ehci-platform ee0a0100.usb: new USB bus registered, assigned bus number 4
[    2.636535] platform ec500000.sound: Fixed dependency cycle(s) with /soc/i2c@e6510000/codec@10
[    2.636769] i2c 2-0010: Fixed dependency cycle(s) with /soc/sound@ec500000
[    2.637914] cs2000-cp 2-004f: operating in static mode
[    2.640793] ehci-platform ee0c0100.usb: irq 30, io mem 0xee0c0100
[    2.647449] ehci-platform ee0a0100.usb: irq 31, io mem 0xee0a0100
[    2.647920] cs2000-cp 2-004f: revision - C1
[    2.648090] i2c-rcar e6510000.i2c: probed
[    2.650002] pca953x 4-0020: supply vcc not found, using dummy regulator
[    2.650567] pca953x 4-0020: using no AI
[    2.652821] platform feaa0000.csi2: Fixed dependency cycle(s) with /soc/i2c@e66d8000/video-receiver@70
[    2.653005] platform fea80000.csi2: Fixed dependency cycle(s) with /soc/i2c@e66d8000/video-receiver@70
[    2.653180] i2c 4-0070: Fixed dependency cycle(s) with /soc/csi2@fea80000
[    2.653345] i2c 4-0070: Fixed dependency cycle(s) with /soc/csi2@feaa0000
[    2.654131] ohci-platform ee0e0000.usb: Generic Platform OHCI controller
[    2.654161] ehci-platform ee0e0100.usb: EHCI Host Controller
[    2.654212] ehci-platform ee0e0100.usb: new USB bus registered, assigned bus number 5
[    2.654218] ohci-platform ee0e0000.usb: new USB bus registered, assigned bus number 6
[    2.654357] ehci-platform ee0e0100.usb: irq 15, io mem 0xee0e0100
[    2.654641] ohci-platform ee0e0000.usb: irq 15, io mem 0xee0e0000
[    2.664435] i2c-rcar e66d8000.i2c: probed
[    2.674127] ehci-platform ee0e0100.usb: USB 2.0 started, EHCI 1.10
[    2.677960] adv748x 4-0070: Endpoint /soc/i2c@e66d8000/video-receiver@70/ports/port@7/endpoint on port 7
[    2.683930] hub 5-0:1.0: USB hub found
[    2.689451] adv748x 4-0070: Endpoint /soc/i2c@e66d8000/video-receiver@70/ports/port@8/endpoint on port 8
[    2.698091] ehci-platform ee0c0100.usb: USB 2.0 started, EHCI 1.10
[    2.699486] hub 5-0:1.0: 1 port detected
[    2.704879] adv748x 4-0070: Endpoint /soc/i2c@e66d8000/video-receiver@70/ports/port@a/endpoint on port 10
[    2.715398] hub 1-0:1.0: USB hub found
[    2.720106] adv748x 4-0070: Endpoint /soc/i2c@e66d8000/video-receiver@70/ports/port@b/endpoint on port 11
[    2.720139] ehci-platform ee0a0100.usb: USB 2.0 started, EHCI 1.10
[    2.726330] hub 1-0:1.0: 1 port detected
[    2.754450] adv748x 4-0070: chip found @ 0xe0 revision 2143
[    2.762417] hub 3-0:1.0: USB hub found
[    2.984674] hub 3-0:1.0: 1 port detected
[    2.992432] hub 2-0:1.0: USB hub found
[    2.996486] hub 2-0:1.0: 1 port detected
[    3.003835] hub 4-0:1.0: USB hub found
[    3.007736] hub 4-0:1.0: 1 port detected
[    3.015652] hub 6-0:1.0: USB hub found
[    3.019698] hub 6-0:1.0: 1 port detected
[    3.036476] rcar-csi2 fea80000.csi2: 1 lanes found
[    3.047133] rcar-vin e6ef0000.video: Device registered as video0
[    3.053867] rcar-vin e6ef1000.video: Device registered as video1
[    3.060339] rcar-vin e6ef2000.video: Device registered as video2
[    3.066792] rcar-vin e6ef3000.video: Device registered as video3
[    3.073254] rcar-vin e6ef4000.video: Device registered as video4
[    3.079702] rcar-vin e6ef5000.video: Device registered as video5
[    3.086239] rcar-vin e6ef6000.video: Device registered as video6
[    3.092692] rcar-vin e6ef7000.video: Device registered as video7
[    3.098979] rcar-csi2 feaa0000.csi2: 4 lanes found
[    3.110607] rcar_gen3_thermal e6198000.thermal: No calibration values fused, fallback to driver values
[    3.124981] rcar_gen3_thermal e6198000.thermal: Sensor 0: Loaded 1 trip points
[    3.136650] rcar_gen3_thermal e6198000.thermal: Sensor 1: Loaded 1 trip points
[    3.148606] rcar_gen3_thermal e6198000.thermal: Sensor 2: Loaded 2 trip points
[    3.158769] Bluetooth: HCI UART driver ver 2.3
[    3.163298] Bluetooth: HCI UART protocol H4 registered
[    3.168557] Bluetooth: HCI UART protocol LL registered
[    3.181535] ledtrig-cpu: registered to indicate activity on CPUs
[    3.187654] SMCCC: SOC_ID: ARCH_SOC_ID not implemented, skipping ....
[    3.194793] ccree e6601000.crypto: ARM CryptoCell 630P Driver: HW version 0xAF400001/0xDCC63000, Driver v[H[    2.633423] i2c_dev: i2c /dev entries driver                                                             
[    2.633876] ehci-platform ee0a0100.usb: new USB bus registered, assigned bus number 4                    
[    2.636535] platform ec500000.sound: Fixed dependency cycle(s) with /soc/i2c@e6510000/codec@10           
[    2.636769] i2c 2-0010: Fixed dependency cycle(s) with /soc/sound@ec500000                               
[    2.637914] cs2000-cp 2-004f: operating in static mode                                                   
[    2.640793] ehci-platform ee0c0100.usb: irq 30, io mem 0xee0c0100                                        
[    2.647449] ehci-platform ee0a0100.usb: irq 31, io mem 0xee0a0100                                        
[    2.647920] cs2000-cp 2-004f: revision - C1                                                              
[    2.648090] i2c-rcar e6510000.i2c: probed                                                                
[    2.650002] pca953x 4-0020: supply vcc not found, using dummy regulator                                  
[    2.650567] pca953x 4-0020: using no AI                                                                  
[    2.652821] platform feaa0000.csi2: Fixed dependency cycle(s) with /soc/i2c@e66d8000/video-receiver@70   
[    2.653005] platform fea80000.csi2: Fixed dependency cycle(s) with /soc/i2c@e66d8000/video-receiver@70   
[    2.653180] i2c 4-0070: Fixed dependency cycle(s) with /soc/csi2@fea80000                                
[    2.653345] i2c 4-0070: Fixed dependency cycle(s) with /soc/csi2@feaa0000                                
[    2.654131] ohci-platform ee0e0000.usb: Generic Platform OHCI controller                                 
[    2.654161] ehci-platform ee0e0100.usb: EHCI Host Controller                                             
[    2.654212] ehci-platform ee0e0100.usb: new USB bus registered, assigned bus number 5                    
[    2.654218] ohci-platform ee0e0000.usb: new USB bus registered, assigned bus number 6                    
[    2.654357] ehci-platform ee0e0100.usb: irq 15, io mem 0xee0e0100                                        
[    2.654641] ohci-platform ee0e0000.usb: irq 15, io mem 0xee0e0000                                        
[    2.664435] i2c-rcar e66d8000.i2c: probed                                                                
[    2.674127] ehci-platform ee0e0100.usb: USB 2.0 started, EHCI 1.10                                       
[    2.677960] adv748x 4-0070: Endpoint /soc/i2c@e66d8000/video-receiver@70/ports/port@7/endpoint on port 7 
[    2.683930] hub 5-0:1.0: USB hub found                                                                   
[    2.689451] adv748x 4-0070: Endpoint /soc/i2c@e66d8000/video-receiver@70/ports/port@8/endpoint on port 8 
[    2.698091] ehci-platform ee0c0100.usb: USB 2.0 started, EHCI 1.10                                       
[    2.699486] hub 5-0:1.0: 1 port detected                                                                 
[    2.704879] adv748x 4-0070: Endpoint /soc/i2c@e66d8000/video-receiver@70/ports/port@a/endpoint on port 10
[    2.715398] hub 1-0:1.0: USB hub found                                                                   
[    2.720106] adv748x 4-0070: Endpoint /soc/i2c@e66d8000/video-receiver@70/ports/port@b/endpoint on port 11
[    2.720139] ehci-platform ee0a0100.usb: USB 2.0 started, EHCI 1.10                                       
[    2.726330] hub 1-0:1.0: 1 port detected                                                                 
[    2.754450] adv748x 4-0070: chip found @ 0xe0 revision 2143                                              
[    2.762417] hub 3-0:1.0: USB hub found                                                                   
[    2.984674] hub 3-0:1.0: 1 port detected                                                                 
[    2.992432] hub 2-0:1.0: USB hub found                                                                   
[    2.996486] hub 2-0:1.0: 1 port detected                                                                 
[    3.003835] hub 4-0:1.0: USB hub found                                                                   
[    3.007736] hub 4-0:1.0: 1 port detected                                                                 
[    3.015652] hub 6-0:1.0: USB hub found                                                                   
[    3.019698] hub 6-0:1.0: 1 port detected                                                                 
[    3.036476] rcar-csi2 fea80000.csi2: 1 lanes found                                                       
[    3.047133] rcar-vin e6ef0000.video: Device registered as video0                                         
[    3.053867] rcar-vin e6ef1000.video: Device registered as video1                                         
[    3.060339] rcar-vin e6ef2000.video: Device registered as video2                                         
[    3.066792] rcar-vin e6ef3000.video: Device registered as video3                                         
[    3.073254] rcar-vin e6ef4000.video: Device registered as video4                                         
[    3.079702] rcar-vin e6ef5000.video: Device registered as video5                                         
[    3.086239] rcar-vin e6ef6000.video: Device registered as video6                                         
[    3.092692] rcar-vin e6ef7000.video: Device registered as video7                                         
[    3.098979] rcar-csi2 feaa0000.csi2: 4 lanes found                                                       
[    3.110607] rcar_gen3_thermal e6198000.thermal: No calibration values fused, fallback to driver values   
[    3.124981] rcar_gen3_thermal e6198000.thermal: Sensor 0: Loaded 1 trip points                           
[    3.136650] rcar_gen3_thermal e6198000.thermal: Sensor 1: Loaded 1 trip points                           
[    3.148606] rcar_gen3_thermal e6198000.thermal: Sensor 2: Loaded 2 trip points                           
[    3.158769] Bluetooth: HCI UART driver ver 2.3                                                           
[    3.163298] Bluetooth: HCI UART protocol H4 registered                                                   
[    3.168557] Bluetooth: HCI UART protocol LL registered                                                   
[    3.181535] ledtrig-cpu: registered to indicate activity on CPUs                                         
[    3.187654] SMCCC: SOC_ID: ARCH_SOC_ID not implemented, skipping ....                                    
[    3.194793] ccree e6601000.crypto: ARM CryptoCell 630P Driver: HW version 0xAF400001/0xDCC63000, Driver v
e                                                                                                           
ersion 5.0
[    3.206104] ccree e6601000.crypto: ARM ccree device initialized
[    3.214139] usbcore: registered new interface driver usbhid
[    3.219800] usbhid: USB HID core driver
[    3.246226] hw perfevents: enabled with armv8_cortex_a53 PMU driver, 7 counters available
[    3.257168] hw perfevents: enabled with armv8_cortex_a57 PMU driver, 7 counters available
[    3.272817] NET: Registered PF_PACKET protocol family
[    3.277980] can: controller area network core
[    3.282533] NET: Registered PF_CAN protocol family
[    3.287398] can: raw protocol
[    3.290505] can: broadcast manager protocol
[    3.294767] can: netlink gateway - max_hops=1
[    3.299438] Key type dns_resolver registered
[    3.331176] Timer migration: 1 hierarchy levels; 8 children per group; 1 crossnode level
[    3.341409] registered taskstats version 1
[    3.345592] Loading compiled-in X.509 certificates
[    3.453662] renesas_irqc e61c0000.interrupt-controller: driving 6 irqs
[    3.474890] rcar-dw-hdmi fead0000.hdmi: Detected HDMI TX controller v2.01a with HDCP (DWC HDMI 2.0 TX PHY[H[    2.654218] ohci-platform ee0e0000.usb: new USB bus registered, assigned bus number 6                    
[    2.654357] ehci-platform ee0e0100.usb: irq 15, io mem 0xee0e0100                                        
[    2.654641] ohci-platform ee0e0000.usb: irq 15, io mem 0xee0e0000                                        
[    2.664435] i2c-rcar e66d8000.i2c: probed                                                                
[    2.674127] ehci-platform ee0e0100.usb: USB 2.0 started, EHCI 1.10                                       
[    2.677960] adv748x 4-0070: Endpoint /soc/i2c@e66d8000/video-receiver@70/ports/port@7/endpoint on port 7 
[    2.683930] hub 5-0:1.0: USB hub found                                                                   
[    2.689451] adv748x 4-0070: Endpoint /soc/i2c@e66d8000/video-receiver@70/ports/port@8/endpoint on port 8 
[    2.698091] ehci-platform ee0c0100.usb: USB 2.0 started, EHCI 1.10                                       
[    2.699486] hub 5-0:1.0: 1 port detected                                                                 
[    2.704879] adv748x 4-0070: Endpoint /soc/i2c@e66d8000/video-receiver@70/ports/port@a/endpoint on port 10
[    2.715398] hub 1-0:1.0: USB hub found                                                                   
[    2.720106] adv748x 4-0070: Endpoint /soc/i2c@e66d8000/video-receiver@70/ports/port@b/endpoint on port 11
[    2.720139] ehci-platform ee0a0100.usb: USB 2.0 started, EHCI 1.10                                       
[    2.726330] hub 1-0:1.0: 1 port detected                                                                 
[    2.754450] adv748x 4-0070: chip found @ 0xe0 revision 2143                                              
[    2.762417] hub 3-0:1.0: USB hub found                                                                   
[    2.984674] hub 3-0:1.0: 1 port detected                                                                 
[    2.992432] hub 2-0:1.0: USB hub found                                                                   
[    2.996486] hub 2-0:1.0: 1 port detected                                                                 
[    3.003835] hub 4-0:1.0: USB hub found                                                                   
[    3.007736] hub 4-0:1.0: 1 port detected                                                                 
[    3.015652] hub 6-0:1.0: USB hub found                                                                   
[    3.019698] hub 6-0:1.0: 1 port detected                                                                 
[    3.036476] rcar-csi2 fea80000.csi2: 1 lanes found                                                       
[    3.047133] rcar-vin e6ef0000.video: Device registered as video0                                         
[    3.053867] rcar-vin e6ef1000.video: Device registered as video1                                         
[    3.060339] rcar-vin e6ef2000.video: Device registered as video2                                         
[    3.066792] rcar-vin e6ef3000.video: Device registered as video3                                         
[    3.073254] rcar-vin e6ef4000.video: Device registered as video4                                         
[    3.079702] rcar-vin e6ef5000.video: Device registered as video5                                         
[    3.086239] rcar-vin e6ef6000.video: Device registered as video6                                         
[    3.092692] rcar-vin e6ef7000.video: Device registered as video7                                         
[    3.098979] rcar-csi2 feaa0000.csi2: 4 lanes found                                                       
[    3.110607] rcar_gen3_thermal e6198000.thermal: No calibration values fused, fallback to driver values   
[    3.124981] rcar_gen3_thermal e6198000.thermal: Sensor 0: Loaded 1 trip points                           
[    3.136650] rcar_gen3_thermal e6198000.thermal: Sensor 1: Loaded 1 trip points                           
[    3.148606] rcar_gen3_thermal e6198000.thermal: Sensor 2: Loaded 2 trip points                           
[    3.158769] Bluetooth: HCI UART driver ver 2.3                                                           
[    3.163298] Bluetooth: HCI UART protocol H4 registered                                                   
[    3.168557] Bluetooth: HCI UART protocol LL registered                                                   
[    3.181535] ledtrig-cpu: registered to indicate activity on CPUs                                         
[    3.187654] SMCCC: SOC_ID: ARCH_SOC_ID not implemented, skipping ....                                    
[    3.194793] ccree e6601000.crypto: ARM CryptoCell 630P Driver: HW version 0xAF400001/0xDCC63000, Driver v
ersion 5.0                                                                                                  
[    3.206104] ccree e6601000.crypto: ARM ccree device initialized                                          
[    3.214139] usbcore: registered new interface driver usbhid                                              
[    3.219800] usbhid: USB HID core driver                                                                  
[    3.246226] hw perfevents: enabled with armv8_cortex_a53 PMU driver, 7 counters available                
[    3.257168] hw perfevents: enabled with armv8_cortex_a57 PMU driver, 7 counters available                
[    3.272817] NET: Registered PF_PACKET protocol family                                                    
[    3.277980] can: controller area network core                                                            
[    3.282533] NET: Registered PF_CAN protocol family                                                       
[    3.287398] can: raw protocol                                                                            
[    3.290505] can: broadcast manager protocol                                                              
[    3.294767] can: netlink gateway - max_hops=1                                                            
[    3.299438] Key type dns_resolver registered                                                             
[    3.331176] Timer migration: 1 hierarchy levels; 8 children per group; 1 crossnode level                 
[    3.341409] registered taskstats version 1                                                               
[    3.345592] Loading compiled-in X.509 certificates                                                       
[    3.453662] renesas_irqc e61c0000.interrupt-controller: driving 6 irqs                                   
[    3.474890] rcar-dw-hdmi fead0000.hdmi: Detected HDMI TX controller v2.01a with HDCP (DWC HDMI 2.0 TX PHY
)                                                                                                           
)
[    3.486894] rcar-dw-hdmi fead0000.hdmi: registered DesignWare HDMI I2C bus driver
[    3.499415] rcar-dw-hdmi feae0000.hdmi: Detected HDMI TX controller v2.01a with HDCP (DWC HDMI 2.0 TX PHY[H[    2.664435] i2c-rcar e66d8000.i2c: probed                                                                
[    2.674127] ehci-platform ee0e0100.usb: USB 2.0 started, EHCI 1.10                                       
[    2.677960] adv748x 4-0070: Endpoint /soc/i2c@e66d8000/video-receiver@70/ports/port@7/endpoint on port 7 
[    2.683930] hub 5-0:1.0: USB hub found                                                                   
[    2.689451] adv748x 4-0070: Endpoint /soc/i2c@e66d8000/video-receiver@70/ports/port@8/endpoint on port 8 
[    2.698091] ehci-platform ee0c0100.usb: USB 2.0 started, EHCI 1.10                                       
[    2.699486] hub 5-0:1.0: 1 port detected                                                                 
[    2.704879] adv748x 4-0070: Endpoint /soc/i2c@e66d8000/video-receiver@70/ports/port@a/endpoint on port 10
[    2.715398] hub 1-0:1.0: USB hub found                                                                   
[    2.720106] adv748x 4-0070: Endpoint /soc/i2c@e66d8000/video-receiver@70/ports/port@b/endpoint on port 11
[    2.720139] ehci-platform ee0a0100.usb: USB 2.0 started, EHCI 1.10                                       
[    2.726330] hub 1-0:1.0: 1 port detected                                                                 
[    2.754450] adv748x 4-0070: chip found @ 0xe0 revision 2143                                              
[    2.762417] hub 3-0:1.0: USB hub found                                                                   
[    2.984674] hub 3-0:1.0: 1 port detected                                                                 
[    2.992432] hub 2-0:1.0: USB hub found                                                                   
[    2.996486] hub 2-0:1.0: 1 port detected                                                                 
[    3.003835] hub 4-0:1.0: USB hub found                                                                   
[    3.007736] hub 4-0:1.0: 1 port detected                                                                 
[    3.015652] hub 6-0:1.0: USB hub found                                                                   
[    3.019698] hub 6-0:1.0: 1 port detected                                                                 
[    3.036476] rcar-csi2 fea80000.csi2: 1 lanes found                                                       
[    3.047133] rcar-vin e6ef0000.video: Device registered as video0                                         
[    3.053867] rcar-vin e6ef1000.video: Device registered as video1                                         
[    3.060339] rcar-vin e6ef2000.video: Device registered as video2                                         
[    3.066792] rcar-vin e6ef3000.video: Device registered as video3                                         
[    3.073254] rcar-vin e6ef4000.video: Device registered as video4                                         
[    3.079702] rcar-vin e6ef5000.video: Device registered as video5                                         
[    3.086239] rcar-vin e6ef6000.video: Device registered as video6                                         
[    3.092692] rcar-vin e6ef7000.video: Device registered as video7                                         
[    3.098979] rcar-csi2 feaa0000.csi2: 4 lanes found                                                       
[    3.110607] rcar_gen3_thermal e6198000.thermal: No calibration values fused, fallback to driver values   
[    3.124981] rcar_gen3_thermal e6198000.thermal: Sensor 0: Loaded 1 trip points                           
[    3.136650] rcar_gen3_thermal e6198000.thermal: Sensor 1: Loaded 1 trip points                           
[    3.148606] rcar_gen3_thermal e6198000.thermal: Sensor 2: Loaded 2 trip points                           
[    3.158769] Bluetooth: HCI UART driver ver 2.3                                                           
[    3.163298] Bluetooth: HCI UART protocol H4 registered                                                   
[    3.168557] Bluetooth: HCI UART protocol LL registered                                                   
[    3.181535] ledtrig-cpu: registered to indicate activity on CPUs                                         
[    3.187654] SMCCC: SOC_ID: ARCH_SOC_ID not implemented, skipping ....                                    
[    3.194793] ccree e6601000.crypto: ARM CryptoCell 630P Driver: HW version 0xAF400001/0xDCC63000, Driver v
ersion 5.0                                                                                                  
[    3.206104] ccree e6601000.crypto: ARM ccree device initialized                                          
[    3.214139] usbcore: registered new interface driver usbhid                                              
[    3.219800] usbhid: USB HID core driver                                                                  
[    3.246226] hw perfevents: enabled with armv8_cortex_a53 PMU driver, 7 counters available                
[    3.257168] hw perfevents: enabled with armv8_cortex_a57 PMU driver, 7 counters available                
[    3.272817] NET: Registered PF_PACKET protocol family                                                    
[    3.277980] can: controller area network core                                                            
[    3.282533] NET: Registered PF_CAN protocol family                                                       
[    3.287398] can: raw protocol                                                                            
[    3.290505] can: broadcast manager protocol                                                              
[    3.294767] can: netlink gateway - max_hops=1                                                            
[    3.299438] Key type dns_resolver registered                                                             
[    3.331176] Timer migration: 1 hierarchy levels; 8 children per group; 1 crossnode level                 
[    3.341409] registered taskstats version 1                                                               
[    3.345592] Loading compiled-in X.509 certificates                                                       
[    3.453662] renesas_irqc e61c0000.interrupt-controller: driving 6 irqs                                   
[    3.474890] rcar-dw-hdmi fead0000.hdmi: Detected HDMI TX controller v2.01a with HDCP (DWC HDMI 2.0 TX PHY
)                                                                                                           
[    3.486894] rcar-dw-hdmi fead0000.hdmi: registered DesignWare HDMI I2C bus driver                        
[    3.499415] rcar-dw-hdmi feae0000.hdmi: Detected HDMI TX controller v2.01a with HDCP (DWC HDMI 2.0 TX PHY
)                                                                                                           
)
[    3.511099] rcar-dw-hdmi feae0000.hdmi: registered DesignWare HDMI I2C bus driver
[    3.536964] renesas_usbhs e6590000.usb: host probed
[    3.541990] renesas_usbhs e6590000.usb: no transceiver found
[    3.548249] renesas_usbhs e6590000.usb: gadget probed
[    3.553695] renesas_usbhs e6590000.usb: probed
[    3.562160] ehci-platform ee080100.usb: EHCI Host Controller
[    3.562191] ohci-platform ee080000.usb: Generic Platform OHCI controller
[    3.567927] ehci-platform ee080100.usb: new USB bus registered, assigned bus number 7
[    3.574625] ohci-platform ee080000.usb: new USB bus registered, assigned bus number 8
[    3.582714] ehci-platform ee080100.usb: irq 74, io mem 0xee080100
[    3.590456] ohci-platform ee080000.usb: irq 74, io mem 0xee080000
[    3.598681] cpufreq: cpufreq_online: CPU0: Running at unlisted initial frequency: 1497600 KHz, changing t[H[    2.762417] hub 3-0:1.0: USB hub found                                                                   
[    2.984674] hub 3-0:1.0: 1 port detected                                                                 
[    2.992432] hub 2-0:1.0: USB hub found                                                                   
[    2.996486] hub 2-0:1.0: 1 port detected                                                                 
[    3.003835] hub 4-0:1.0: USB hub found                                                                   
[    3.007736] hub 4-0:1.0: 1 port detected                                                                 
[    3.015652] hub 6-0:1.0: USB hub found                                                                   
[    3.019698] hub 6-0:1.0: 1 port detected                                                                 
[    3.036476] rcar-csi2 fea80000.csi2: 1 lanes found                                                       
[    3.047133] rcar-vin e6ef0000.video: Device registered as video0                                         
[    3.053867] rcar-vin e6ef1000.video: Device registered as video1                                         
[    3.060339] rcar-vin e6ef2000.video: Device registered as video2                                         
[    3.066792] rcar-vin e6ef3000.video: Device registered as video3                                         
[    3.073254] rcar-vin e6ef4000.video: Device registered as video4                                         
[    3.079702] rcar-vin e6ef5000.video: Device registered as video5                                         
[    3.086239] rcar-vin e6ef6000.video: Device registered as video6                                         
[    3.092692] rcar-vin e6ef7000.video: Device registered as video7                                         
[    3.098979] rcar-csi2 feaa0000.csi2: 4 lanes found                                                       
[    3.110607] rcar_gen3_thermal e6198000.thermal: No calibration values fused, fallback to driver values   
[    3.124981] rcar_gen3_thermal e6198000.thermal: Sensor 0: Loaded 1 trip points                           
[    3.136650] rcar_gen3_thermal e6198000.thermal: Sensor 1: Loaded 1 trip points                           
[    3.148606] rcar_gen3_thermal e6198000.thermal: Sensor 2: Loaded 2 trip points                           
[    3.158769] Bluetooth: HCI UART driver ver 2.3                                                           
[    3.163298] Bluetooth: HCI UART protocol H4 registered                                                   
[    3.168557] Bluetooth: HCI UART protocol LL registered                                                   
[    3.181535] ledtrig-cpu: registered to indicate activity on CPUs                                         
[    3.187654] SMCCC: SOC_ID: ARCH_SOC_ID not implemented, skipping ....                                    
[    3.194793] ccree e6601000.crypto: ARM CryptoCell 630P Driver: HW version 0xAF400001/0xDCC63000, Driver v
ersion 5.0                                                                                                  
[    3.206104] ccree e6601000.crypto: ARM ccree device initialized                                          
[    3.214139] usbcore: registered new interface driver usbhid                                              
[    3.219800] usbhid: USB HID core driver                                                                  
[    3.246226] hw perfevents: enabled with armv8_cortex_a53 PMU driver, 7 counters available                
[    3.257168] hw perfevents: enabled with armv8_cortex_a57 PMU driver, 7 counters available                
[    3.272817] NET: Registered PF_PACKET protocol family                                                    
[    3.277980] can: controller area network core                                                            
[    3.282533] NET: Registered PF_CAN protocol family                                                       
[    3.287398] can: raw protocol                                                                            
[    3.290505] can: broadcast manager protocol                                                              
